N=7283 train=5102 val=724 test=1457
floor: train=196 (3.84%)  val=26 (3.59%)  test=47 (3.23%)

=== features ===

0) current MLP: AUC of (pred -> floor) = 0.7624  (0.5 = no rank signal)
    floor rows rank positions (0=lowest pred): mean=358, median=211, in bottom-47: 7/47, in bottom-94: 12/47, in bottom-141: 17/47
    pred range: floor -10.01..-5.10 (median -6.50)  |  non-floor -10.09..-3.89

1) floor classifier grid (N_EST=1000, early-stop val)
  feats                   lr   nl  mcs  AUC_val  AUC_te   thr   prec  rec  n_flag
  +Morgan r1,r3,r4      0.03   31   10  0.8251 0.8557  0.039  0.121 0.617   240
  +Morgan r1,r3,r4      0.05   63   30  0.8203 0.8621  0.055  0.141 0.511   170
  +Morgan r1,r3,r4      0.05  127   30  0.8203 0.8621  0.055  0.141 0.511   170
  +Morgan r1,r3,r4      0.03   63   30  0.8198 0.8692  0.071  0.159 0.426   126
  +Morgan r1,r3,r4      0.03  127   30  0.8198 0.8692  0.071  0.159 0.426   126
  v4.2 (2265+768)        0.1   31   10  0.8167 0.8558  0.074  0.167 0.362   102
  +Morgan r1,r3,r4       0.1   31   10  0.8150 0.8390  0.047  0.115 0.511   208
  +Morgan r1,r3,r4      0.05   31   30  0.8136 0.8687  0.058  0.152 0.532   165

2) two-stage: best floor classifier + current MLP regressor
  classifier: +Morgan r1,r3,r4 lr=0.03 nl=31 mcs=10 AUC_te=0.8557 thr=0.039 prec=0.121 rec=0.617
  two-stage R2 = -1.2140   (baseline MLP = 0.4642)
  threshold sweep (test):
    top-0% flagged (thr=0.326, n=8): R2=0.4319  floor-TP=2 FP=6  prec=0.250 rec=0.043
    top-1% flagged (thr=0.315, n=9): R2=0.4225  floor-TP=2 FP=7  prec=0.222 rec=0.043
    top-1% flagged (thr=0.308, n=11): R2=0.4297  floor-TP=4 FP=7  prec=0.364 rec=0.085
    top-1% flagged (thr=0.286, n=12): R2=0.4248  floor-TP=4 FP=8  prec=0.333 rec=0.085
    top-1% flagged (thr=0.275, n=14): R2=0.4094  floor-TP=4 FP=10  prec=0.286 rec=0.085
    top-1% flagged (thr=0.273, n=14): R2=0.4094  floor-TP=4 FP=10  prec=0.286 rec=0.085

3) oracle sweep: flag k of the 47 true floor rows (no FP) -> R2
    k= 0: R2=0.4642
    k=10: R2=0.5167
    k=20: R2=0.5963
    k=30: R2=0.6774
    k=40: R2=0.7571
    k=47: R2=0.8073
    (with the CURRENT regressor on non-floor rows; oracle = k=47)

4) physchem-descriptor separability (train AUC, floor vs non-floor)
Traceback (most recent call last):
  File "C:\Users\c00jsw00\openclaw-peptide-admet\_pampa_floor.py", line 202, in <module>
    'MW': [m.GetCalcCExactMass() if m else 0 for m in mols],
          ^^^^^^^^^^^^^^^^^^^^^^^^^^^^^^^^^^^^^^^^^^^^^^^^^
  File "C:\Users\c00jsw00\openclaw-peptide-admet\_pampa_floor.py", line 202, in <listcomp>
    'MW': [m.GetCalcCExactMass() if m else 0 for m in mols],
           ^^^^^^^^^^^^^^^^^^^
AttributeError: 'Mol' object has no attribute 'GetCalcCExactMass'
