Device: cpu
PAMPA: N=7283, unique SMILES=7177
y range: [-10.000, -3.900], mean=-5.887, std=1.123
Split: train=5102, val=724, test=1457

=== Extracting features ===
  RDKit descriptors: 217
  done (458.9s)
  Morgan r=1: (7283, 2048) (3.5s)
  Morgan r=2: (7283, 2048) (3.9s)
  Morgan r=3: (7283, 2048) (4.1s)
  Loading MoLFormer cache...
  MoLFormer: (7283, 768)
  Feature extraction total: 470.6s

  Target stats:
    identity:  mean=-5.887 std=1.123
    rankgauss: mean=0.003 std=0.989

======================================================================
STEP 1: Signal localization (same split, same arch (256,128), seed 42)
======================================================================
  RDKit 217 desc only                                 R²=-0.4652  (12.5s)
  Morgan r=2 only (2048)                              R²=0.4497  (25.4s)
  MoLFormer 768 only                                  R²=0.3991  (5.3s)
  RDKit + Morgan r=2 (2265) [v4.2 baseline]           R²=0.4617  (37.6s)
  RDKit + MoLFormer (217+768=985)                     R²=0.4307  (4.7s)
  Morgan r=2 + MoLFormer (2048+768=2816)              R²=0.4493  (16.9s)
  ALL: RDKit + Morgan r=2 + MoLFormer (3033)          R²=0.4505  (15.0s)

======================================================================
STEP 2: Feature upgrades
======================================================================
  RDKit + Morgan r1+r2+r3 (217+6144=6361)             R²=0.2441  (27.2s)
  RDKit + Morgan r1+r2 (217+4096=4313)                R²=0.4507  (122.3s)
  ALL + Morgan r1+r3 (3033+4096=7129)                 R²=0.4159  (20.3s)

  Target transforms (ALL features, 3033-dim):
    identity              R²=0.4505  (15.0s)
    rankgauss             R²=0.6638  (6.3s)

======================================================================
STEP 3: Model upgrades (ALL features, 3033-dim, identity target)
======================================================================
  (256,128) [baseline]            R²=0.4505  (14.5s)
  (512,256,128)                   R²=0.4475  (18.7s)
  (512,256,128,64)                R²=0.4218  (15.9s)
  (1024,512,256)                  R²=0.4324  (17.2s)

======================================================================
STEP 4: Multi-seed stability (best config, 5 seeds)
======================================================================
  Best so far: rankgauss target / rankgauss -> R²=0.6638
    seed    42  R²=0.4505  (14.5s)
    seed   123  R²=0.4556  (6.9s)
    seed   456  R²=0.4629  (13.6s)
    seed   789  R²=0.4433  (8.2s)
    seed  1024  R²=0.4577  (8.4s)
  Mean R² = 0.4540 ± 0.0067  (min=0.4433, max=0.4629)

======================================================================
SUMMARY — all R² values (test split, same random 70/10/20 seed 42)
======================================================================
  v4.2 committed: R²=0.4642 (RDKit+Morgan r2+MoLFormer, (256,128), Huber)

  R²=0.6638  rankgauss target / rankgauss
  R²=0.4617  RDKit + Morgan r=2 (2265) [v4.2 baseline]
  R²=0.4507  RDKit + Morgan r1+r2 (217+4096=4313)
  R²=0.4505  ALL: RDKit + Morgan r=2 + MoLFormer (3033)
  R²=0.4505  rankgauss target / identity
  R²=0.4505  arch (256,128) [baseline]
  R²=0.4497  Morgan r=2 only (2048)
  R²=0.4493  Morgan r=2 + MoLFormer (2048+768=2816)
  R²=0.4475  arch (512,256,128)
  R²=0.4324  arch (1024,512,256)
  R²=0.4307  RDKit + MoLFormer (217+768=985)
  R²=0.4218  arch (512,256,128,64)
  R²=0.4159  ALL + Morgan r1+r3 (3033+4096=7129)
  R²=0.3991  MoLFormer 768 only
  R²=0.2441  RDKit + Morgan r1+r2+r3 (217+6144=6361)
  R²=-0.4652  RDKit 217 desc only

  Ceiling (from noise analysis): R²_max ≈ 0.97
  Target: R² ≥ 0.70
  Achieved: R² ≥ 0.70? NO
