===== PAMPA_MDCK (PeptiVerse raw data) =====
  N=6869  floor rows=240 (3.5%)  floor SS share=49.9%  oracle ceiling R2=0.5014
  features: 2D (6869, 2265), ChemBERTa (6869, 384)
  OUR split: train=4808 val=687 test=1374 test floor rows=46
  [PAMPA_MDCK] params=132,353 device=cpu input_dim=384 hidden=(256, 128)
  [PAMPA_MDCK] epoch   1  train 3.7449  val 1.5400
  [PAMPA_MDCK] epoch  10  train 0.3806  val 0.2716
  [PAMPA_MDCK] epoch  20  train 0.3249  val 0.2434
  [PAMPA_MDCK] epoch  30  train 0.2942  val 0.2361
  [PAMPA_MDCK] epoch  40  train 0.2855  val 0.2338
  [PAMPA_MDCK] early stop @ epoch 48 (val 0.2280)
  [E1_chem/ours] seed=42: R2=0.3796 (nf 0.5420) rho=0.7475 (nf 0.7406) RMSE=0.8485
  [PAMPA_MDCK] params=132,353 device=cpu input_dim=384 hidden=(256, 128)
  [PAMPA_MDCK] epoch   1  train 4.3523  val 2.4167
  [PAMPA_MDCK] epoch  10  train 0.3861  val 0.2810
  [PAMPA_MDCK] epoch  20  train 0.3451  val 0.2610
  [PAMPA_MDCK] epoch  30  train 0.3070  val 0.2521
  [PAMPA_MDCK] epoch  40  train 0.2824  val 0.2346
  [PAMPA_MDCK] epoch  50  train 0.2776  val 0.2323
  [PAMPA_MDCK] epoch  60  train 0.2624  val 0.2310
  [PAMPA_MDCK] epoch  70  train 0.2700  val 0.2326
  [PAMPA_MDCK] epoch  80  train 0.2665  val 0.2364
  [E1_chem/ours] seed=123: R2=0.4046 (nf 0.5673) rho=0.7551 (nf 0.7512) RMSE=0.8312
  [PAMPA_MDCK] params=132,353 device=cpu input_dim=384 hidden=(256, 128)
  [PAMPA_MDCK] epoch   1  train 3.5675  val 1.3881
  [PAMPA_MDCK] epoch  10  train 0.3664  val 0.2819
  [PAMPA_MDCK] epoch  20  train 0.3277  val 0.2599
  [PAMPA_MDCK] epoch  30  train 0.3040  val 0.2459
  [PAMPA_MDCK] epoch  40  train 0.2944  val 0.2360
  [PAMPA_MDCK] epoch  50  train 0.2925  val 0.2334
  [PAMPA_MDCK] epoch  60  train 0.2802  val 0.2370
  [PAMPA_MDCK] early stop @ epoch 69 (val 0.2315)
  [E1_chem/ours] seed=7: R2=0.3833 (nf 0.5418) rho=0.7445 (nf 0.7382) RMSE=0.8460
    E1_chem: R2=0.3892 +/- 0.0135 (non-floor 0.5504)  rho=0.7490 +/- 0.0055
  [PAMPA_MDCK] params=712,193 device=cpu input_dim=2649 hidden=(256, 128)
  [PAMPA_MDCK] epoch   1  train 4.2054  val 2.4352
  [PAMPA_MDCK] epoch  10  train 0.3278  val 0.2702
  [PAMPA_MDCK] epoch  20  train 0.2949  val 0.2373
  [PAMPA_MDCK] epoch  30  train 0.2722  val 0.2349
  [PAMPA_MDCK] epoch  40  train 0.2548  val 0.2255
  [PAMPA_MDCK] epoch  50  train 0.2434  val 0.2246
  [PAMPA_MDCK] early stop @ epoch 59 (val 0.2213)
  [E2_chem_2d/ours] seed=42: R2=0.4312 (nf 0.6052) rho=0.7681 (nf 0.7641) RMSE=0.8125
  [PAMPA_MDCK] params=712,193 device=cpu input_dim=2649 hidden=(256, 128)
  [PAMPA_MDCK] epoch   1  train 3.6810  val 1.5807
  [PAMPA_MDCK] epoch  10  train 0.3318  val 0.2565
  [PAMPA_MDCK] epoch  20  train 0.3103  val 0.2457
  [PAMPA_MDCK] epoch  30  train 0.2676  val 0.2292
  [PAMPA_MDCK] early stop @ epoch 39 (val 0.2259)
  [E2_chem_2d/ours] seed=123: R2=0.4344 (nf 0.5935) rho=0.7645 (nf 0.7586) RMSE=0.8102
  [PAMPA_MDCK] params=712,193 device=cpu input_dim=2649 hidden=(256, 128)
  [PAMPA_MDCK] epoch   1  train 4.3141  val 2.4088
  [PAMPA_MDCK] epoch  10  train 0.3422  val 0.2536
  [PAMPA_MDCK] epoch  20  train 0.3046  val 0.2319
  [PAMPA_MDCK] epoch  30  train 0.2714  val 0.2249
  [PAMPA_MDCK] epoch  40  train 0.2481  val 0.2244
  [PAMPA_MDCK] epoch  50  train 0.2471  val 0.2225
  [PAMPA_MDCK] early stop @ epoch 60 (val 0.2225)
  [E2_chem_2d/ours] seed=7: R2=0.4372 (nf 0.6105) rho=0.7761 (nf 0.7726) RMSE=0.8082
    E2_chem_2d: R2=0.4343 +/- 0.0030 (non-floor 0.6031)  rho=0.7696 +/- 0.0059
  [PAMPA_MDCK] params=613,889 device=cpu input_dim=2265 hidden=(256, 128)
  [PAMPA_MDCK] epoch   1  train 3.7893  val 1.9229
  [PAMPA_MDCK] epoch  10  train 0.3582  val 0.2558
  [PAMPA_MDCK] epoch  20  train 0.2918  val 0.2416
  [PAMPA_MDCK] epoch  30  train 0.2758  val 0.2398
  [PAMPA_MDCK] epoch  40  train 0.2685  val 0.2315
  [PAMPA_MDCK] early stop @ epoch 45 (val 0.2273)
  [E3_2d/ours] seed=42: R2=0.4178 (nf 0.5926) rho=0.7587 (nf 0.7528) RMSE=0.8220
  [PAMPA_MDCK] params=613,889 device=cpu input_dim=2265 hidden=(256, 128)
  [PAMPA_MDCK] epoch   1  train 3.9091  val 2.1214
  [PAMPA_MDCK] epoch  10  train 0.3318  val 0.2423
  [PAMPA_MDCK] epoch  20  train 0.2881  val 0.2409
  [PAMPA_MDCK] epoch  30  train 0.2741  val 0.2301
  [PAMPA_MDCK] epoch  40  train 0.2650  val 0.2369
  [PAMPA_MDCK] early stop @ epoch 42 (val 0.2256)
  [E3_2d/ours] seed=123: R2=0.4127 (nf 0.5844) rho=0.7589 (nf 0.7538) RMSE=0.8256
  [PAMPA_MDCK] params=613,889 device=cpu input_dim=2265 hidden=(256, 128)
  [PAMPA_MDCK] epoch   1  train 4.1822  val 2.4322
  [PAMPA_MDCK] epoch  10  train 0.3519  val 0.2643
  [PAMPA_MDCK] epoch  20  train 0.2950  val 0.2404
  [PAMPA_MDCK] epoch  30  train 0.2769  val 0.2315
  [PAMPA_MDCK] epoch  40  train 0.2654  val 0.2322
  [PAMPA_MDCK] epoch  50  train 0.2660  val 0.2333
  [PAMPA_MDCK] early stop @ epoch 58 (val 0.2278)
  [E3_2d/ours] seed=7: R2=0.4321 (nf 0.6049) rho=0.7717 (nf 0.7666) RMSE=0.8118
    E3_2d: R2=0.4209 +/- 0.0101 (non-floor 0.5940)  rho=0.7631 +/- 0.0074
  [PAMPA_MDCK] params=132,353 device=cpu input_dim=384 hidden=(256, 128)
  [PAMPA_MDCK] epoch   1  train 3.6552  val 1.3201
  [PAMPA_MDCK] epoch  10  train 0.3645  val 0.3201
  [PAMPA_MDCK] early stop @ epoch 16 (val 0.2704)
  [E1_chem/theirs] seed=42: R2=0.1477 (nf 0.3156) rho=0.6330 (nf 0.6428) RMSE=1.0242
    THEIR split E1_chem: val R2=0.1477 (nf 0.3156)  val rho=0.6330 (nf 0.6428)  n_val=1682
  [PAMPA_MDCK] params=712,193 device=cpu input_dim=2649 hidden=(256, 128)
  [PAMPA_MDCK] epoch   1  train 4.1013  val 2.1123
  [PAMPA_MDCK] epoch  10  train 0.3237  val 0.2872
  [PAMPA_MDCK] epoch  20  train 0.2848  val 0.2881
  [PAMPA_MDCK] early stop @ epoch 26 (val 0.2663)
  [E2_chem_2d/theirs] seed=42: R2=0.1505 (nf 0.3676) rho=0.6451 (nf 0.6529) RMSE=1.0225
    THEIR split E2_chem_2d: val R2=0.1505 (nf 0.3676)  val rho=0.6451 (nf 0.6529)  n_val=1682

===== CACO2 (PeptiVerse raw data) =====
  N=606  floor rows=15 (2.5%)  floor SS share=45.4%  oracle ceiling R2=0.5459
  features: 2D (606, 2265), ChemBERTa (606, 384)
  OUR split: train=424 val=61 test=121 test floor rows=4
  [Caco2] params=132,353 device=cpu input_dim=384 hidden=(256, 128)
  [Caco2] epoch   1  train 5.0520  val 4.8179
  [Caco2] epoch  10  train 2.4192  val 1.7428
  [Caco2] epoch  20  train 0.4828  val 0.3396
  [Caco2] epoch  30  train 0.3797  val 0.2476
  [Caco2] epoch  40  train 0.3335  val 0.2127
  [Caco2] epoch  50  train 0.2688  val 0.1929
  [Caco2] early stop @ epoch 51 (val 0.1924)
  [E1_chem/ours] seed=42: R2=0.3166 (nf 0.1407) rho=0.5694 (nf 0.5433) RMSE=0.8204
  [Caco2] params=132,353 device=cpu input_dim=384 hidden=(256, 128)
  [Caco2] epoch   1  train 5.6271  val 5.1569
  [Caco2] epoch  10  train 3.1280  val 2.3639
  [Caco2] epoch  20  train 0.7658  val 0.3737
  [Caco2] epoch  30  train 0.3539  val 0.2265
  [Caco2] early stop @ epoch 34 (val 0.2014)
  [E1_chem/ours] seed=123: R2=-0.0984 (nf -0.2614) rho=0.3735 (nf 0.3604) RMSE=1.0401
  [Caco2] params=132,353 device=cpu input_dim=384 hidden=(256, 128)
  [Caco2] epoch   1  train 4.8862  val 4.9243
  [Caco2] epoch  10  train 2.2753  val 1.5334
  [Caco2] epoch  20  train 0.4414  val 0.2824
  [Caco2] epoch  30  train 0.3001  val 0.2184
  [Caco2] epoch  40  train 0.2777  val 0.1872
  [Caco2] epoch  50  train 0.2856  val 0.1756
  [Caco2] early stop @ epoch 54 (val 0.1703)
  [E1_chem/ours] seed=7: R2=0.3438 (nf 0.2017) rho=0.6327 (nf 0.6329) RMSE=0.8040
    E1_chem: R2=0.1873 +/- 0.2478 (non-floor 0.0270)  rho=0.5252 +/- 0.1351
  [Caco2] params=712,193 device=cpu input_dim=2649 hidden=(256, 128)
  [Caco2] epoch   1  train 5.4238  val 5.1038
  [Caco2] epoch  10  train 3.0055  val 2.1941
  [Caco2] epoch  20  train 0.6531  val 0.3222
  [Caco2] epoch  30  train 0.2684  val 0.2443
  [Caco2] epoch  40  train 0.2251  val 0.1910
  [Caco2] epoch  50  train 0.2418  val 0.1848
  [Caco2] epoch  60  train 0.2037  val 0.1663
  [Caco2] early stop @ epoch 65 (val 0.1504)
  [E2_chem_2d/ours] seed=42: R2=0.4777 (nf 0.4383) rho=0.6648 (nf 0.6547) RMSE=0.7173
  [Caco2] params=712,193 device=cpu input_dim=2649 hidden=(256, 128)
  [Caco2] epoch   1  train 5.0055  val 4.9247
  [Caco2] epoch  10  train 2.4492  val 1.5214
  [Caco2] epoch  20  train 0.3779  val 0.2499
  [Caco2] epoch  30  train 0.2731  val 0.2269
  [Caco2] epoch  40  train 0.2257  val 0.1890
  [Caco2] epoch  50  train 0.2041  val 0.1760
  [Caco2] epoch  60  train 0.2023  val 0.1495
  [Caco2] epoch  70  train 0.2075  val 0.1507
  [Caco2] epoch  80  train 0.1854  val 0.1369
  [E2_chem_2d/ours] seed=123: R2=0.4886 (nf 0.4807) rho=0.6771 (nf 0.6804) RMSE=0.7097
  [Caco2] params=712,193 device=cpu input_dim=2649 hidden=(256, 128)
  [Caco2] epoch   1  train 5.6301  val 5.0771
  [Caco2] epoch  10  train 3.1421  val 2.3392
  [Caco2] epoch  20  train 0.6995  val 0.3550
  [Caco2] epoch  30  train 0.3067  val 0.2272
  [Caco2] early stop @ epoch 36 (val 0.2154)
  [E2_chem_2d/ours] seed=7: R2=0.3243 (nf 0.0723) rho=0.4655 (nf 0.4384) RMSE=0.8158
    E2_chem_2d: R2=0.4302 +/- 0.0919 (non-floor 0.3304)  rho=0.6025 +/- 0.1188
  [Caco2] params=613,889 device=cpu input_dim=2265 hidden=(256, 128)
  [Caco2] epoch   1  train 5.1178  val 5.0367
  [Caco2] epoch  10  train 2.5317  val 1.6620
  [Caco2] epoch  20  train 0.3840  val 0.2542
  [Caco2] epoch  30  train 0.3870  val 0.2724
  [Caco2] early stop @ epoch 31 (val 0.2476)
  [E3_2d/ours] seed=42: R2=0.1545 (nf -0.0105) rho=0.4883 (nf 0.4751) RMSE=0.9126
  [Caco2] params=613,889 device=cpu input_dim=2265 hidden=(256, 128)
  [Caco2] epoch   1  train 5.2158  val 5.0444
  [Caco2] epoch  10  train 2.7137  val 1.9078
  [Caco2] epoch  20  train 0.5645  val 0.2044
  [Caco2] epoch  30  train 0.2693  val 0.2662
  [Caco2] early stop @ epoch 31 (val 0.2007)
  [E3_2d/ours] seed=123: R2=0.1269 (nf -0.3031) rho=0.4641 (nf 0.4142) RMSE=0.9273
  [Caco2] params=613,889 device=cpu input_dim=2265 hidden=(256, 128)
  [Caco2] epoch   1  train 5.4959  val 5.2052
  [Caco2] epoch  10  train 3.0568  val 2.2285
  [Caco2] epoch  20  train 0.5828  val 0.2948
  [Caco2] epoch  30  train 0.3421  val 0.2304
  [Caco2] epoch  40  train 0.2459  val 0.1733
  [Caco2] epoch  50  train 0.2082  val 0.1853
  [Caco2] early stop @ epoch 54 (val 0.1422)
  [E3_2d/ours] seed=7: R2=0.4149 (nf 0.3270) rho=0.6838 (nf 0.6551) RMSE=0.7591
    E3_2d: R2=0.2321 +/- 0.1589 (non-floor 0.0045)  rho=0.5454 +/- 0.1205
  [Caco2] params=132,353 device=cpu input_dim=384 hidden=(256, 128)
  [Caco2] epoch   1  train 5.0658  val 4.9392
  [Caco2] epoch  10  train 2.2959  val 2.7950
  [Caco2] epoch  20  train 0.4060  val 0.5185
  [Caco2] epoch  30  train 0.3361  val 0.4851
  [Caco2] epoch  40  train 0.2847  val 0.4756
  [Caco2] epoch  50  train 0.2557  val 0.4443
  [Caco2] early stop @ epoch 54 (val 0.4336)
  [E1_chem/theirs] seed=42: R2=0.2668 (nf 0.5030) rho=0.7275 (nf 0.6998) RMSE=1.2772
    THEIR split E1_chem: val R2=0.2668 (nf 0.5030)  val rho=0.7275 (nf 0.6998)  n_val=122
  [Caco2] params=712,193 device=cpu input_dim=2649 hidden=(256, 128)
  [Caco2] epoch   1  train 5.4033  val 5.2729
  [Caco2] epoch  10  train 2.9665  val 2.6726
  [Caco2] epoch  20  train 0.5526  val 0.6414
  [Caco2] epoch  30  train 0.3070  val 0.5682
  [Caco2] epoch  40  train 0.2457  val 0.4918
  [Caco2] early stop @ epoch 48 (val 0.4523)
  [E2_chem_2d/theirs] seed=42: R2=0.2673 (nf 0.4774) rho=0.7114 (nf 0.6737) RMSE=1.2767
    THEIR split E2_chem_2d: val R2=0.2673 (nf 0.4774)  val rho=0.7114 (nf 0.6737)  n_val=122

Wrote analysis/peptiverse_results.json
Done.
