  [Half_life] sequence  regression n=1763
== Half_life  n=1763  D=1580  train=1203 val=132 test=428
  [Half_life] params=438,529 device=cpu input_dim=1580
  [Half_life] epoch   1  train 7.2584  val 4.9162
  [Half_life] epoch  10  train 0.6056  val 1.8578
  [Half_life] early stop @ epoch 17 (val 1.7359)
   A shipped      train 0.9068 val 0.7328 test 0.6973  (4s)
   B wide-MLP     train 0.9205 val 0.7924 test 0.7117  (6s)
   C HistGBDT     train 0.9269 val 0.7045 test 0.7006  (127s)
   D KernelRidge  failed: The 'gamma' parameter of KernelRidge must be a float in the range [0.0, inf) or None. Got 'scale' instead.
   y var=5.0117  rmse(A,test)=1.0720
  [Caco2] molecular regression n=7429
== Caco2  n=7429  D=2265  train=5197 val=742 test=1490
  [Caco2] params=613,889 device=cpu input_dim=2265
  [Caco2] epoch   1  train 20.4816  val 8.2776
  [Caco2] epoch  10  train 1.0197  val 0.8141
  [Caco2] epoch  20  train 0.8958  val 0.8109
  [Caco2] epoch  30  train 0.8335  val 0.8046
  [Caco2] epoch  40  train 0.8138  val 0.7795
  [Caco2] early stop @ epoch 44 (val 0.7705)
   A shipped      train 0.4984 val 0.3913 test 0.3861  (208s)
   B wide-MLP     train 0.4904 val 0.4379 test 0.3793  (218s)
   C HistGBDT     train 0.5510 val 0.3863 test 0.3923  (225s)
   D KernelRidge  failed: The 'gamma' parameter of KernelRidge must be a float in the range [0.0, inf) or None. Got 'scale' instead.
  [PAMPA_MDCK] molecular regression n=7283
== PAMPA_MDCK  n=7283  D=2265  train=5102 val=724 test=1457
  [PAMPA_MDCK] params=613,889 device=cpu input_dim=2265
  [PAMPA_MDCK] epoch   1  train 20.1684  val 8.1360
  [PAMPA_MDCK] epoch  10  train 1.0641  val 0.8342
  [PAMPA_MDCK] epoch  20  train 0.9416  val 0.7852
  [PAMPA_MDCK] epoch  30  train 0.8791  val 0.7304
  [PAMPA_MDCK] epoch  40  train 0.8129  val 0.7275
  [PAMPA_MDCK] epoch  50  train 0.8033  val 0.7379
  [PAMPA_MDCK] early stop @ epoch 53 (val 0.7179)
   A shipped      train 0.5561 val 0.3763 test 0.4573  (134s)
   B wide-MLP     train 0.5890 val 0.3819 test 0.4594  (148s)
   C HistGBDT     train 0.6063 val 0.3675 test 0.4614  (158s)
   D KernelRidge  failed: The 'gamma' parameter of KernelRidge must be a float in the range [0.0, inf) or None. Got 'scale' instead.

===== SUMMARY =====
Half_life:
  A shipped MLP (256,128)          train=0.9068 val=0.7328 test=0.6973
  B wide MLP (1024,512,256)        train=0.9205 val=0.7924 test=0.7117
  C HistGBDT (3000 it)             train=0.9269 val=0.7045 test=0.7006
Caco2:
  A shipped MLP (256,128)          train=0.4984 val=0.3913 test=0.3861
  B wide MLP (1024,512,256)        train=0.4904 val=0.4379 test=0.3793
  C HistGBDT (3000 it)             train=0.5510 val=0.3863 test=0.3923
PAMPA_MDCK:
  A shipped MLP (256,128)          train=0.5561 val=0.3763 test=0.4573
  B wide MLP (1024,512,256)        train=0.5890 val=0.3819 test=0.4594
  C HistGBDT (3000 it)             train=0.6063 val=0.3675 test=0.4614
