C:\Users\c00jsw00\openclaw-peptide-admet\.venv\Lib\site-packages\dgl\graphbolt\__init__.py:37: UserWarning: DGL graphbolt C++ library not found at C:\Users\c00jsw00\openclaw-peptide-admet\.venv\Lib\site-packages\dgl\graphbolt\graphbolt_pytorch_2.13.0.dll; graphbolt features disabled (torch version mismatch). Non-graphbolt dgl/dgl-life functionality is unaffected.
  warnings.warn(
dataset=caco2 device=cuda
[padded] 7429 mols, 533414 nodes, 9842862 edges, 6.7s (split 5197/742/1490)
gpu[caco2] seed=42 ep=01 val_r2=0.1502 val_nf=0.1624 test_r2=0.1436 test_nf=0.1592 loss=0.2875 (390s ep, 390s tot)
gpu[caco2] seed=42 ep=02 val_r2=0.2953 val_nf=0.3036 test_r2=0.2514 test_nf=0.2211 loss=0.2244 (416s ep, 807s tot)
gpu[caco2] seed=42 ep=03 val_r2=0.2902 val_nf=0.0701 test_r2=0.2604 test_nf=0.0825 loss=0.8991 (400s ep, 1208s tot)
gpu[caco2] seed=42 ep=04 val_r2=0.3082 val_nf=0.4318 test_r2=0.3164 test_nf=0.3683 loss=0.2288 (402s ep, 1610s tot)
gpu[caco2] seed=42 ep=05 val_r2=0.3593 val_nf=0.3458 test_r2=0.3913 test_nf=0.3862 loss=1.1369 (401s ep, 2012s tot)
gpu[caco2] seed=42 ep=06 val_r2=0.3850 val_nf=0.2900 test_r2=0.3965 test_nf=0.3357 loss=0.4842 (394s ep, 2407s tot)
gpu[caco2] seed=42 ep=07 val_r2=0.2419 val_nf=0.1841 test_r2=0.2523 test_nf=0.1944 loss=0.4632 (399s ep, 2807s tot)
gpu[caco2] seed=42 ep=08 val_r2=0.3529 val_nf=0.2857 test_r2=0.3696 test_nf=0.3743 loss=0.2129 (396s ep, 3203s tot)
gpu[caco2] seed=42 ep=09 val_r2=0.3440 val_nf=0.4590 test_r2=0.4079 test_nf=0.5309 loss=0.1389 (405s ep, 3609s tot)
gpu[caco2] seed=42 ep=10 val_r2=0.3796 val_nf=0.3670 test_r2=0.4071 test_nf=0.4221 loss=1.3472 (398s ep, 4008s tot)
gpu[caco2] seed=42 ep=11 val_r2=0.3223 val_nf=0.2372 test_r2=0.3648 test_nf=0.3914 loss=0.4966 (392s ep, 4400s tot)
gpu[caco2] seed=42 ep=12 val_r2=0.3671 val_nf=0.2937 test_r2=0.4255 test_nf=0.4356 loss=0.2049 (403s ep, 4804s tot)
gpu[caco2] seed=42 ep=13 val_r2=0.3550 val_nf=0.2743 test_r2=0.4241 test_nf=0.4572 loss=0.0834 (405s ep, 5209s tot)
gpu[caco2] seed=42 ep=14 val_r2=0.2955 val_nf=0.1920 test_r2=0.3919 test_nf=0.4146 loss=1.3949 (408s ep, 5618s tot)
gpu[caco2] seed=42 ep=15 val_r2=0.3860 val_nf=0.3431 test_r2=0.4125 test_nf=0.4649 loss=0.0337 (405s ep, 6023s tot)
gpu[caco2] seed=42 ep=16 val_r2=0.3393 val_nf=0.2819 test_r2=0.4161 test_nf=0.4889 loss=0.2781 (405s ep, 6429s tot)
gpu[caco2] seed=42 ep=17 val_r2=0.3621 val_nf=0.3724 test_r2=0.3981 test_nf=0.5135 loss=0.1611 (408s ep, 6837s tot)
gpu[caco2] seed=42 ep=18 val_r2=0.3399 val_nf=0.3189 test_r2=0.3974 test_nf=0.4847 loss=0.0541 (400s ep, 7238s tot)
gpu[caco2] seed=42 ep=19 val_r2=0.2433 val_nf=-0.0887 test_r2=0.2961 test_nf=0.2318 loss=1.0635 (410s ep, 7648s tot)
gpu[caco2] seed=42 ep=20 val_r2=0.2775 val_nf=0.0491 test_r2=0.3108 test_nf=0.2959 loss=0.0750 (407s ep, 8056s tot)
gpu[caco2] seed=42 ep=21 val_r2=0.3111 val_nf=0.1397 test_r2=0.3122 test_nf=0.2995 loss=0.3913 (396s ep, 8453s tot)
gpu[caco2] seed=42 ep=22 val_r2=0.3183 val_nf=0.2275 test_r2=0.3384 test_nf=0.3980 loss=0.1395 (399s ep, 8853s tot)
gpu[caco2] seed=42 ep=23 val_r2=0.3011 val_nf=0.1093 test_r2=0.3238 test_nf=0.3168 loss=0.1345 (391s ep, 9244s tot)
gpu[caco2] seed=42 ep=24 val_r2=0.2380 val_nf=-0.0633 test_r2=0.2243 test_nf=0.1397 loss=0.0463 (396s ep, 9641s tot)
gpu[caco2] seed=42 ep=25 val_r2=0.3197 val_nf=0.1752 test_r2=0.3011 test_nf=0.2666 loss=0.0597 (387s ep, 10028s tot)
gpu[caco2] seed=42 ep=26 val_r2=0.2834 val_nf=0.1203 test_r2=0.3280 test_nf=0.3351 loss=0.1342 (396s ep, 10425s tot)
gpu[caco2] seed=42 ep=27 val_r2=0.2528 val_nf=0.0530 test_r2=0.3054 test_nf=0.2740 loss=0.0502 (397s ep, 10822s tot)
gpu[caco2] seed=42 ep=28 val_r2=0.3067 val_nf=0.1729 test_r2=0.3167 test_nf=0.3186 loss=0.0474 (400s ep, 11224s tot)
gpu[caco2] seed=42 ep=29 val_r2=0.3319 val_nf=0.2258 test_r2=0.3227 test_nf=0.3190 loss=0.1048 (408s ep, 11632s tot)
gpu[caco2] seed=42 ep=30 val_r2=0.2884 val_nf=0.1552 test_r2=0.3224 test_nf=0.3332 loss=0.0354 (417s ep, 12050s tot)
  early stop at epoch 30 (best 15)
  >>> seed=42 BEST test (ep 15, val 0.3860): {'r2_all': 0.4125402569770813, 'r2_nf': 0.46489518880844116, 'spearman': 0.7560339599331038, 'mae': 0.45086055994033813, 'rmse': 0.7707284688949585}
gpu[caco2] seed=123 ep=01 val_r2=0.2094 val_nf=0.1537 test_r2=0.2070 test_nf=0.1791 loss=0.9658 (427s ep, 427s tot)
gpu[caco2] seed=123 ep=02 val_r2=0.2342 val_nf=0.3105 test_r2=0.2768 test_nf=0.3357 loss=0.2479 (425s ep, 853s tot)
gpu[caco2] seed=123 ep=03 val_r2=0.3488 val_nf=0.3477 test_r2=0.3574 test_nf=0.3328 loss=1.2231 (423s ep, 1277s tot)
gpu[caco2] seed=123 ep=04 val_r2=0.3228 val_nf=0.2334 test_r2=0.3447 test_nf=0.2795 loss=0.5198 (421s ep, 1698s tot)
gpu[caco2] seed=123 ep=05 val_r2=0.2548 val_nf=-0.2169 test_r2=0.2065 test_nf=-0.0930 loss=0.5103 (421s ep, 2120s tot)
gpu[caco2] seed=123 ep=06 val_r2=0.3040 val_nf=0.2431 test_r2=0.3476 test_nf=0.2313 loss=0.9825 (428s ep, 2548s tot)
gpu[caco2] seed=123 ep=07 val_r2=0.3596 val_nf=0.2225 test_r2=0.3814 test_nf=0.3086 loss=1.5756 (427s ep, 2975s tot)
gpu[caco2] seed=123 ep=08 val_r2=0.3714 val_nf=0.3268 test_r2=0.4279 test_nf=0.4231 loss=0.1237 (420s ep, 3396s tot)
gpu[caco2] seed=123 ep=09 val_r2=0.3696 val_nf=0.2837 test_r2=0.4122 test_nf=0.3789 loss=0.6822 (415s ep, 3813s tot)
gpu[caco2] seed=123 ep=10 val_r2=0.2958 val_nf=0.0663 test_r2=0.3690 test_nf=0.3307 loss=1.1720 (422s ep, 4235s tot)
gpu[caco2] seed=123 ep=11 val_r2=0.3592 val_nf=0.2167 test_r2=0.4200 test_nf=0.3980 loss=0.3882 (420s ep, 4656s tot)
gpu[caco2] seed=123 ep=12 val_r2=0.3232 val_nf=0.1629 test_r2=0.3751 test_nf=0.3305 loss=0.1125 (423s ep, 5080s tot)
gpu[caco2] seed=123 ep=13 val_r2=0.2774 val_nf=0.0827 test_r2=0.3601 test_nf=0.2767 loss=0.4772 (421s ep, 5502s tot)
gpu[caco2] seed=123 ep=14 val_r2=0.2871 val_nf=0.1716 test_r2=0.3796 test_nf=0.3538 loss=0.9301 (427s ep, 5931s tot)
gpu[caco2] seed=123 ep=15 val_r2=0.2547 val_nf=0.0551 test_r2=0.3263 test_nf=0.2924 loss=0.1389 (419s ep, 6351s tot)
gpu[caco2] seed=123 ep=16 val_r2=0.3731 val_nf=0.3651 test_r2=0.4175 test_nf=0.4907 loss=0.0722 (427s ep, 6779s tot)
gpu[caco2] seed=123 ep=17 val_r2=0.2355 val_nf=0.0430 test_r2=0.3307 test_nf=0.3034 loss=0.1099 (431s ep, 7211s tot)
gpu[caco2] seed=123 ep=18 val_r2=0.2620 val_nf=0.0144 test_r2=0.2736 test_nf=0.1700 loss=0.3795 (432s ep, 7644s tot)
gpu[caco2] seed=123 ep=19 val_r2=0.2908 val_nf=0.0512 test_r2=0.3629 test_nf=0.3227 loss=0.0933 (426s ep, 8071s tot)
gpu[caco2] seed=123 ep=20 val_r2=0.3233 val_nf=0.2654 test_r2=0.3633 test_nf=0.4319 loss=0.0750 (426s ep, 8498s tot)
gpu[caco2] seed=123 ep=21 val_r2=0.2930 val_nf=-0.0132 test_r2=0.2681 test_nf=0.1611 loss=0.1190 (431s ep, 8929s tot)
gpu[caco2] seed=123 ep=22 val_r2=0.2859 val_nf=-0.0370 test_r2=0.2869 test_nf=0.1937 loss=0.1218 (425s ep, 9355s tot)
gpu[caco2] seed=123 ep=23 val_r2=0.3067 val_nf=0.1340 test_r2=0.3267 test_nf=0.2963 loss=0.1893 (419s ep, 9775s tot)
gpu[caco2] seed=123 ep=24 val_r2=0.2990 val_nf=0.0147 test_r2=0.2702 test_nf=0.1418 loss=0.0914 (419s ep, 10194s tot)
gpu[caco2] seed=123 ep=25 val_r2=0.2803 val_nf=0.1403 test_r2=0.3170 test_nf=0.3199 loss=0.0981 (432s ep, 10627s tot)
gpu[caco2] seed=123 ep=26 val_r2=0.2904 val_nf=0.0281 test_r2=0.2264 test_nf=0.1205 loss=0.0182 (429s ep, 11056s tot)
gpu[caco2] seed=123 ep=27 val_r2=0.3021 val_nf=0.1222 test_r2=0.3112 test_nf=0.2939 loss=0.1752 (428s ep, 11485s tot)
gpu[caco2] seed=123 ep=28 val_r2=0.3151 val_nf=0.1613 test_r2=0.2594 test_nf=0.2092 loss=0.0907 (429s ep, 11914s tot)
gpu[caco2] seed=123 ep=29 val_r2=0.3157 val_nf=0.2259 test_r2=0.2905 test_nf=0.2563 loss=0.1016 (442s ep, 12357s tot)
gpu[caco2] seed=123 ep=30 val_r2=0.3483 val_nf=0.1969 test_r2=0.2962 test_nf=0.2442 loss=0.1429 (421s ep, 12779s tot)
gpu[caco2] seed=123 ep=31 val_r2=0.3308 val_nf=0.1497 test_r2=0.2831 test_nf=0.2302 loss=0.0683 (429s ep, 13208s tot)
  early stop at epoch 31 (best 16)
  >>> seed=123 BEST test (ep 16, val 0.3731): {'r2_all': 0.41750138998031616, 'r2_nf': 0.49070310592651367, 'spearman': 0.7392296986911917, 'mae': 0.44486549496650696, 'rmse': 0.7674671411514282}
gpu[caco2] seed=7 ep=01 val_r2=0.0597 val_nf=0.1717 test_r2=0.0963 test_nf=0.1685 loss=0.2415 (409s ep, 409s tot)
gpu[caco2] seed=7 ep=02 val_r2=0.2057 val_nf=-0.2422 test_r2=0.1372 test_nf=-0.1376 loss=0.9241 (391s ep, 801s tot)
gpu[caco2] seed=7 ep=03 val_r2=0.1932 val_nf=-0.1883 test_r2=0.1543 test_nf=-0.0813 loss=0.4932 (406s ep, 1207s tot)
gpu[caco2] seed=7 ep=04 val_r2=0.3649 val_nf=0.3618 test_r2=0.3935 test_nf=0.3633 loss=0.4367 (402s ep, 1610s tot)
gpu[caco2] seed=7 ep=05 val_r2=0.3312 val_nf=0.1516 test_r2=0.3686 test_nf=0.2760 loss=1.0928 (400s ep, 2011s tot)
gpu[caco2] seed=7 ep=06 val_r2=0.2685 val_nf=-0.1335 test_r2=0.2446 test_nf=0.0128 loss=0.7348 (395s ep, 2406s tot)
gpu[caco2] seed=7 ep=07 val_r2=0.3744 val_nf=0.4318 test_r2=0.4341 test_nf=0.4782 loss=0.4085 (412s ep, 2819s tot)
gpu[caco2] seed=7 ep=08 val_r2=0.3809 val_nf=0.3217 test_r2=0.4038 test_nf=0.3912 loss=0.7346 (401s ep, 3221s tot)
gpu[caco2] seed=7 ep=09 val_r2=0.3594 val_nf=0.3080 test_r2=0.4212 test_nf=0.3915 loss=1.0383 (399s ep, 3620s tot)
gpu[caco2] seed=7 ep=10 val_r2=0.3059 val_nf=0.0349 test_r2=0.3567 test_nf=0.2632 loss=0.5374 (402s ep, 4023s tot)
gpu[caco2] seed=7 ep=11 val_r2=0.2930 val_nf=-0.1229 test_r2=0.3043 test_nf=0.0833 loss=1.9226 (410s ep, 4434s tot)
gpu[caco2] seed=7 ep=12 val_r2=0.3465 val_nf=0.1953 test_r2=0.3965 test_nf=0.3747 loss=0.1331 (400s ep, 4835s tot)
gpu[caco2] seed=7 ep=13 val_r2=0.3505 val_nf=0.2380 test_r2=0.4256 test_nf=0.4042 loss=0.1179 (407s ep, 5242s tot)
gpu[caco2] seed=7 ep=14 val_r2=0.3490 val_nf=0.1863 test_r2=0.4028 test_nf=0.4009 loss=0.4127 (404s ep, 5647s tot)
gpu[caco2] seed=7 ep=15 val_r2=0.3025 val_nf=0.2107 test_r2=0.3864 test_nf=0.4030 loss=0.1532 (398s ep, 6046s tot)
gpu[caco2] seed=7 ep=16 val_r2=0.2969 val_nf=0.0870 test_r2=0.3955 test_nf=0.4001 loss=0.1588 (403s ep, 6450s tot)
gpu[caco2] seed=7 ep=17 val_r2=0.2968 val_nf=-0.0089 test_r2=0.3095 test_nf=0.2126 loss=0.4175 (397s ep, 6848s tot)
gpu[caco2] seed=7 ep=18 val_r2=0.2942 val_nf=0.0214 test_r2=0.3294 test_nf=0.2515 loss=0.1380 (413s ep, 7261s tot)
gpu[caco2] seed=7 ep=19 val_r2=0.3804 val_nf=0.3308 test_r2=0.4445 test_nf=0.5169 loss=0.1213 (401s ep, 7662s tot)
gpu[caco2] seed=7 ep=20 val_r2=0.2125 val_nf=-0.0454 test_r2=0.2784 test_nf=0.2368 loss=0.1893 (394s ep, 8057s tot)
gpu[caco2] seed=7 ep=21 val_r2=0.3177 val_nf=0.2374 test_r2=0.4014 test_nf=0.4381 loss=0.0461 (401s ep, 8459s tot)
gpu[caco2] seed=7 ep=22 val_r2=0.2520 val_nf=0.1635 test_r2=0.3447 test_nf=0.3927 loss=0.0844 (405s ep, 8865s tot)
gpu[caco2] seed=7 ep=23 val_r2=0.3090 val_nf=0.1746 test_r2=0.3325 test_nf=0.2837 loss=0.0444 (399s ep, 9265s tot)
  early stop at epoch 23 (best 8)
  >>> seed=7 BEST test (ep 8, val 0.3809): {'r2_all': 0.4037817716598511, 'r2_nf': 0.3911792039871216, 'spearman': 0.7201477894013529, 'mae': 0.4927399754524231, 'rmse': 0.7764526605606079}
=== SUMMARY (KPGT GPU, caco2, v4.2 leakage-controlled) ===
  R2_all      = 0.4113 +/- 0.0057
  R2_nonfloor = 0.4489 +/- 0.0422
  Spearman    = 0.7385 +/- 0.0147
Wrote C:/Users/c00jsw00/_kpgt_results_gpu_caco2.json
DONE
